// Jest Snapshot v1, https://goo.gl/fbAQLP

exports[`Renders rich text editor Renders rich text editor without crushing 1`] = `ReactWrapper {}`;
