// Jest Snapshot v1, https://goo.gl/fbAQLP

exports[`Tests for MoreActionsMenu component should render MoreActionsMenu without crushing 1`] = `ReactWrapper {}`;
