// Jest Snapshot v1, https://goo.gl/fbAQLP

exports[`Tests for MessageItemTextualItem should render ThreadReplyItem without crushing 1`] = `ReactWrapper {}`;
