// Jest Snapshot v1, https://goo.gl/fbAQLP

exports[`Tests for switch component should tests for the mounting of the switch component 1`] = `ReactWrapper {}`;
