// Jest Snapshot v1, https://goo.gl/fbAQLP

exports[`Tests for the ChatHeader component should render ChatHeader without crashing 1`] = `ReactWrapper {}`;
