// Jest Snapshot v1, https://goo.gl/fbAQLP

exports[`Tests for Tabs component should render Tabs without crashing 1`] = `ReactWrapper {}`;
