// Jest Snapshot v1, https://goo.gl/fbAQLP

exports[`Tests for Typing component should render Typing without crashing 1`] = `ReactWrapper {}`;
