// Jest Snapshot v1, https://goo.gl/fbAQLP

exports[`Tests for the BotMessage component should render Bot Message without crashing 1`] = `ReactWrapper {}`;
