// Jest Snapshot v1, https://goo.gl/fbAQLP

exports[`Tests for snooze modal should render snooze modal without crashing 1`] = `ReactWrapper {}`;
