// Jest Snapshot v1, https://goo.gl/fbAQLP

exports[`Tests for label Should mount without crushing 1`] = `ReactWrapper {}`;
