// Jest Snapshot v1, https://goo.gl/fbAQLP

exports[`Tests for MessageItem component should render message item without crushing 1`] = `ReactWrapper {}`;
