// Jest Snapshot v1, https://goo.gl/fbAQLP

exports[`Tests for message delete modal should mount the delete modal component 1`] = `ReactWrapper {}`;
