// Jest Snapshot v1, https://goo.gl/fbAQLP

exports[`Tests for CheckBox Tests rendering of CheckBox without crushing 1`] = `ReactWrapper {}`;
