// Jest Snapshot v1, https://goo.gl/fbAQLP

exports[`Tests for message input component should render message input component without crushing 1`] = `ReactWrapper {}`;
