// Jest Snapshot v1, https://goo.gl/fbAQLP

exports[`Tests for forward message component should test for mounting of the component 1`] = `ShallowWrapper {}`;
